XV6_SCHEDULER	 CHILD
XV6_SCHEDULER	 	 level 3 ticks used 0
XV6_SCHEDULER	 	 level 3 qtail 0
XV6_SCHEDULER	 	 level 2 ticks used 0
XV6_SCHEDULER	 	 level 2 qtail 0
XV6_SCHEDULER	 	 level 1 ticks used 16
XV6_SCHEDULER	 	 level 1 qtail 2
XV6_SCHEDULER	 	 level 0 ticks used 0
XV6_SCHEDULER	 	 level 0 qtail 0
XV6_SCHEDULER	 CHILD
XV6_SCHEDULER	 	 level 3 ticks used 0
XV6_SCHEDULER	 	 level 3 qtail 0
XV6_SCHEDULER	 	 level 2 ticks used 0
XV6_SCHEDULER	 	 level 2 qtail 0
XV6_SCHEDULER	 	 level 1 ticks used 32
XV6_SCHEDULER	 	 level 1 qtail 3
XV6_SCHEDULER	 	 level 0 ticks used 0
XV6_SCHEDULER	 	 level 0 qtail 0
XV6_SCHEDULER	 CHILD
XV6_SCHEDULER	 	 level 3 ticks used 0
XV6_SCHEDULER	 	 level 3 qtail 0
XV6_SCHEDULER	 	 level 2 ticks used 0
XV6_SCHEDULER	 	 level 2 qtail 0
XV6_SCHEDULER	 	 level 1 ticks used 48
XV6_SCHEDULER	 	 level 1 qtail 4
XV6_SCHEDULER	 	 level 0 ticks used 0
XV6_SCHEDULER	 	 level 0 qtail 0
XV6_SCHEDULER	 CHILD
XV6_SCHEDULER	 	 level 3 ticks used 0
XV6_SCHEDULER	 	 level 3 qtail 0
XV6_SCHEDULER	 	 level 2 ticks used 0
XV6_SCHEDULER	 	 level 2 qtail 0
XV6_SCHEDULER	 	 level 1 ticks used 64
XV6_SCHEDULER	 	 level 1 qtail 5
XV6_SCHEDULER	 	 level 0 ticks used 0
XV6_SCHEDULER	 	 level 0 qtail 0
XV6_SCHEDULER	 CHILD
XV6_SCHEDULER	 	 level 3 ticks used 0
XV6_SCHEDULER	 	 level 3 qtail 0
XV6_SCHEDULER	 	 level 2 ticks used 0
XV6_SCHEDULER	 	 level 2 qtail 0
XV6_SCHEDULER	 	 level 1 ticks used 80
XV6_SCHEDULER	 	 level 1 qtail 6
XV6_SCHEDULER	 	 level 0 ticks used 0
XV6_SCHEDULER	 	 level 0 qtail 0
XV6_SCHEDULER	 CHILD
XV6_SCHEDULER	 	 level 3 ticks used 0
XV6_SCHEDULER	 	 level 3 qtail 0
XV6_SCHEDULER	 	 level 2 ticks used 0
XV6_SCHEDULER	 	 level 2 qtail 0
XV6_SCHEDULER	 	 level 1 ticks used 96
XV6_SCHEDULER	 	 level 1 qtail 7
XV6_SCHEDULER	 	 level 0 ticks used 0
XV6_SCHEDULER	 	 level 0 qtail 0
XV6_SCHEDULER	 CHILD
XV6_SCHEDULER	 	 level 3 ticks used 0
XV6_SCHEDULER	 	 level 3 qtail 0
XV6_SCHEDULER	 	 level 2 ticks used 0
XV6_SCHEDULER	 	 level 2 qtail 0
XV6_SCHEDULER	 	 level 1 ticks used 112
XV6_SCHEDULER	 	 level 1 qtail 8
XV6_SCHEDULER	 	 level 0 ticks used 0
XV6_SCHEDULER	 	 level 0 qtail 0
XV6_SCHEDULER	 CHILD
XV6_SCHEDULER	 	 level 3 ticks used 0
XV6_SCHEDULER	 	 level 3 qtail 0
XV6_SCHEDULER	 	 level 2 ticks used 0
XV6_SCHEDULER	 	 level 2 qtail 0
XV6_SCHEDULER	 	 level 1 ticks used 128
XV6_SCHEDULER	 	 level 1 qtail 9
XV6_SCHEDULER	 	 level 0 ticks used 0
XV6_SCHEDULER	 	 level 0 qtail 0
XV6_SCHEDULER	 CHILD
XV6_SCHEDULER	 	 level 3 ticks used 0
XV6_SCHEDULER	 	 level 3 qtail 0
XV6_SCHEDULER	 	 level 2 ticks used 0
XV6_SCHEDULER	 	 level 2 qtail 0
XV6_SCHEDULER	 	 level 1 ticks used 144
XV6_SCHEDULER	 	 level 1 qtail 10
XV6_SCHEDULER	 	 level 0 ticks used 0
XV6_SCHEDULER	 	 level 0 qtail 0
XV6_SCHEDULER	 CHILD
XV6_SCHEDULER	 	 level 3 ticks used 0
XV6_SCHEDULER	 	 level 3 qtail 0
XV6_SCHEDULER	 	 level 2 ticks used 0
XV6_SCHEDULER	 	 level 2 qtail 0
XV6_SCHEDULER	 	 level 1 ticks used 160
XV6_SCHEDULER	 	 level 1 qtail 11
XV6_SCHEDULER	 	 level 0 ticks used 0
XV6_SCHEDULER	 	 level 0 qtail 0
XV6_SCHEDULER	 CHILD
XV6_SCHEDULER	 	 level 3 ticks used 0
XV6_SCHEDULER	 	 level 3 qtail 0
XV6_SCHEDULER	 	 level 2 ticks used 0
XV6_SCHEDULER	 	 level 2 qtail 0
XV6_SCHEDULER	 	 level 1 ticks used 176
XV6_SCHEDULER	 	 level 1 qtail 12
XV6_SCHEDULER	 	 level 0 ticks used 0
XV6_SCHEDULER	 	 level 0 qtail 0
XV6_SCHEDULER	 CHILD
XV6_SCHEDULER	 	 level 3 ticks used 0
XV6_SCHEDULER	 	 level 3 qtail 0
XV6_SCHEDULER	 	 level 2 ticks used 0
XV6_SCHEDULER	 	 level 2 qtail 0
XV6_SCHEDULER	 	 level 1 ticks used 192
XV6_SCHEDULER	 	 level 1 qtail 13
XV6_SCHEDULER	 	 level 0 ticks used 0
XV6_SCHEDULER	 	 level 0 qtail 0
