sleep 1 &
wait 0
JID 0 terminated
sleep 1 &
wait 1
JID 1 terminated

