SYMLINK: Symlink return = 0
SYMLINK: Symlink return = -1. You tried creating a symlink with an existing symlink name!
